[7:20:57 PM] === BANF Facebook Album Scraper v2 (Mobile Pagination) ===
[7:21:02 PM] FB Page title: "Profile for Bengali Association Of North Florida -Jacksonville,Florida"
[7:21:02 PM] 
============================================================
[7:21:02 PM] Album: Mobile Uploads (expected ~1159)
[7:21:02 PM] ============================================================
[7:21:02 PM]   Page 1: loading... (0 photos collected so far)
[7:21:04 PM]   Page 1: found 0 links, 0 new (total: 0)
[7:21:04 PM]   Trying scroll on first page...
[7:21:13 PM]   After scroll: 0 total
[7:21:13 PM]   No more pages found.
[7:21:14 PM] Total photos found in "Mobile Uploads": 0
[7:21:14 PM] Album "Mobile Uploads" done: 0 downloaded, 0 skipped, 0 errors
[7:21:14 PM] 
============================================================
[7:21:14 PM] Album: Photos (expected ~568)
[7:21:14 PM] ============================================================
[7:21:14 PM]   Page 1: loading... (0 photos collected so far)
[7:21:17 PM]   Page 1: found 0 links, 0 new (total: 0)
[7:21:17 PM]   Trying scroll on first page...
[7:21:25 PM]   After scroll: 0 total
[7:21:25 PM]   No more pages found.
[7:21:26 PM] Total photos found in "Photos": 0
[7:21:26 PM] Album "Photos" done: 0 downloaded, 0 skipped, 0 errors
[7:21:26 PM] 
============================================================
[7:21:26 PM] Album: Spandan 2025 (expected ~357)
[7:21:26 PM] ============================================================
[7:21:26 PM]   Page 1: loading... (0 photos collected so far)
[7:21:29 PM]   Page 1: found 0 links, 0 new (total: 0)
[7:21:29 PM]   Trying scroll on first page...
[7:21:37 PM]   After scroll: 0 total
[7:21:37 PM]   No more pages found.
[7:21:38 PM] Total photos found in "Spandan 2025": 0
[7:21:38 PM] Album "Spandan 2025" done: 0 downloaded, 0 skipped, 0 errors
[7:21:38 PM] 
============================================================
[7:21:38 PM] Album: Anandadhara Returns 2023 (expected ~105)
[7:21:38 PM] ============================================================
[7:21:38 PM]   Page 1: loading... (0 photos collected so far)
[7:21:42 PM]   Page 1: found 0 links, 0 new (total: 0)
[7:21:42 PM]   Trying scroll on first page...
[7:21:50 PM]   After scroll: 0 total
[7:21:50 PM]   No more pages found.
[7:21:51 PM] Total photos found in "Anandadhara Returns 2023": 0
[7:21:51 PM] Album "Anandadhara Returns 2023" done: 0 downloaded, 0 skipped, 0 errors
[7:21:51 PM] 
============================================================
[7:21:51 PM] Album: Sports Day 2025 (expected ~58)
[7:21:51 PM] ============================================================
[7:21:51 PM]   Page 1: loading... (0 photos collected so far)
[7:21:55 PM]   Page 1: found 0 links, 0 new (total: 0)
[7:21:55 PM]   Trying scroll on first page...
[7:22:03 PM]   After scroll: 0 total
[7:22:03 PM]   No more pages found.
[7:22:04 PM] Total photos found in "Sports Day 2025": 0
[7:22:04 PM] Album "Sports Day 2025" done: 0 downloaded, 0 skipped, 0 errors
[7:22:04 PM] 
============================================================
[7:22:04 PM] Album: Durga Puja 2025 (expected ~20)
[7:22:04 PM] ============================================================
[7:22:04 PM]   Page 1: loading... (0 photos collected so far)
[7:22:07 PM]   Page 1: found 0 links, 0 new (total: 0)
[7:22:07 PM]   Trying scroll on first page...
[7:22:15 PM]   After scroll: 0 total
[7:22:15 PM]   No more pages found.
[7:22:16 PM] Total photos found in "Durga Puja 2025": 0
[7:22:16 PM] Album "Durga Puja 2025" done: 0 downloaded, 0 skipped, 0 errors
[7:22:16 PM] 
Skipping: Profile Pictures
[7:22:17 PM] 
============================================================
[7:22:17 PM] === FINAL SUMMARY ===
[7:22:17 PM] Downloaded: 0
[7:22:17 PM] Skipped: 0
[7:22:17 PM] Errors: 0
[7:22:17 PM]   Mobile Uploads: 0 photos found
[7:22:17 PM]   Photos: 0 photos found
[7:22:17 PM]   Spandan 2025: 0 photos found
[7:22:17 PM]   Anandadhara Returns 2023: 0 photos found
[7:22:17 PM]   Sports Day 2025: 0 photos found
[7:22:17 PM]   Durga Puja 2025: 0 photos found
[7:22:17 PM] 
Gallery: 98 photos (31.5MB)
