∩╗┐╬ô├▓├╢╬ô├▓├ë╬ô├▓├ë╬ô├▓├ë╬ô├▓├ë╬ô├▓├ë╬ô├▓├ë╬ô├▓├ë╬ô├▓├ë╬ô├▓├ë╬ô├▓├ë╬ô├▓├ë╬ô├▓├ë╬ô├▓├ë╬ô├▓├ë╬ô├▓├ë╬ô├▓├ë╬ô├▓├ë╬ô├▓├ë╬ô├▓├ë╬ô├▓├ë╬ô├▓├ë╬ô├▓├ë╬ô├▓├ë╬ô├▓├ë╬ô├▓├ë╬ô├▓├ë╬ô├▓├ë╬ô├▓├ë╬ô├▓├ë╬ô├▓├ë╬ô├▓├ë╬ô├▓├ë╬ô├▓├ë╬ô├▓├ë╬ô├▓├ë╬ô├▓├ë╬ô├▓├ë╬ô├▓├ë╬ô├▓├ë╬ô├▓├ë╬ô├▓├ë╬ô├▓├ë╬ô├▓├ë╬ô├▓├ë╬ô├▓├ë╬ô├▓├ë╬ô├▓├ë╬ô├▓├ë╬ô├▓├ë╬ô├▓├ë╬ô├▓├ë╬ô├▓├╣╬ô├▓├ª     BANF Mobile Interaction Test Suite            ╬ô├▓├ª╬ô├▓├ª     Target: https://banfwix.wixsite.com/banf1     ╬ô├▓├ª╬ô├▓├ª     Date:   2026-02-24                            ╬ô├▓├ª╬ô├▓├£╬ô├▓├ë╬ô├▓├ë╬ô├▓├ë╬ô├▓├ë╬ô├▓├ë╬ô├▓├ë╬ô├▓├ë╬ô├▓├ë╬ô├▓├ë╬ô├▓├ë╬ô├▓├ë╬ô├▓├ë╬ô├▓├ë╬ô├▓├ë╬ô├▓├ë╬ô├▓├ë╬ô├▓├ë╬ô├▓├ë╬ô├▓├ë╬ô├▓├ë╬ô├▓├ë╬ô├▓├ë╬ô├▓├ë╬ô├▓├ë╬ô├▓├ë╬ô├▓├ë╬ô├▓├ë╬ô├▓├ë╬ô├▓├ë╬ô├▓├ë╬ô├▓├ë╬ô├▓├ë╬ô├▓├ë╬ô├▓├ë╬ô├▓├ë╬ô├▓├ë╬ô├▓├ë╬ô├▓├ë╬ô├▓├ë╬ô├▓├ë╬ô├▓├ë╬ô├▓├ë╬ô├▓├ë╬ô├▓├ë╬ô├▓├ë╬ô├▓├ë╬ô├▓├ë╬ô├▓├ë╬ô├▓├ë╬ô├▓├ë╬ô├▓├ë╬ô├▓┬ÑΓëí╞Æ├┤ΓûÆ  Devices under test:    iPhone 14      ╬ô├ç├╢ Safari iOS 16    Android Pixel 7 ╬ô├ç├╢ Chrome 112    Samsung Galaxy  ╬ô├ç├╢ Samsung Browser 17╬ô├╢├╝╬ô├╢├╝╬ô├╢├╝╬ô├╢├╝╬ô├╢├╝╬ô├╢├╝╬ô├╢├╝╬ô├╢├╝╬ô├╢├╝╬ô├╢├╝╬ô├╢├╝╬ô├╢├╝╬ô├╢├╝╬ô├╢├╝╬ô├╢├╝╬ô├╢├╝╬ô├╢├╝╬ô├╢├╝╬ô├╢├╝╬ô├╢├╝╬ô├╢├╝╬ô├╢├╝╬ô├╢├╝╬ô├╢├╝╬ô├╢├╝╬ô├╢├╝╬ô├╢├╝╬ô├╢├╝╬ô├╢├╝╬ô├╢├╝╬ô├╢├╝╬ô├╢├╝╬ô├╢├╝╬ô├╢├╝╬ô├╢├╝╬ô├╢├╝╬ô├╢├╝╬ô├╢├╝╬ô├╢├╝╬ô├╢├╝╬ô├╢├╝╬ô├╢├╝╬ô├╢├╝╬ô├╢├╝╬ô├╢├╝╬ô├╢├╝╬ô├╢├╝╬ô├╢├╝╬ô├╢├╝1. API HEALTH CHECK  (iPhone 14 UA)╬ô├╢├╝╬ô├╢├╝╬ô├╢├╝╬ô├╢├╝╬ô├╢├╝╬ô├╢├╝╬ô├╢├╝╬ô├╢├╝╬ô├╢├╝╬ô├╢├╝╬ô├╢├╝╬ô├╢├╝╬ô├╢├╝╬ô├╢├╝╬ô├╢├╝╬ô├╢├╝╬ô├╢├╝╬ô├╢├╝╬ô├╢├╝╬ô├╢├╝╬ô├╢├╝╬ô├╢├╝╬ô├╢├╝╬ô├╢├╝╬ô├╢├╝╬ô├╢├╝╬ô├╢├╝╬ô├╢├╝╬ô├╢├╝╬ô├╢├╝╬ô├╢├╝╬ô├╢├╝╬ô├╢├╝╬ô├╢├╝╬ô├╢├╝╬ô├╢├╝╬ô├╢├╝╬ô├╢├╝╬ô├╢├╝╬ô├╢├╝╬ô├╢├╝╬ô├╢├╝╬ô├╢├╝╬ô├╢├╝╬ô├╢├╝╬ô├╢├╝╬ô├╢├╝╬ô├╢├╝╬ô├╢├╝  ╬ô┬ú├á Health endpoint responds  ╬ô├Ñ├å  v5.5.0-crm╬ô├╢├╝╬ô├╢├╝╬ô├╢├╝╬ô├╢├╝╬ô├╢├╝╬ô├╢├╝╬ô├╢├╝╬ô├╢├╝╬ô├╢├╝╬ô├╢├╝╬ô├╢├╝╬ô├╢├╝╬ô├╢├╝╬ô├╢├╝╬ô├╢├╝╬ô├╢├╝╬ô├╢├╝╬ô├╢├╝╬ô├╢├╝╬ô├╢├╝╬ô├╢├╝╬ô├╢├╝╬ô├╢├╝╬ô├╢├╝╬ô├╢├╝╬ô├╢├╝╬ô├╢├╝╬ô├╢├╝╬ô├╢├╝╬ô├╢├╝╬ô├╢├╝╬ô├╢├╝╬ô├╢├╝╬ô├╢├╝╬ô├╢├╝╬ô├╢├╝╬ô├╢├╝╬ô├╢├╝╬ô├╢├╝╬ô├╢├╝╬ô├╢├╝╬ô├╢├╝╬ô├╢├╝╬ô├╢├╝╬ô├╢├╝╬ô├╢├╝╬ô├╢├╝╬ô├╢├╝╬ô├╢├╝2. MEMBER LOGIN  (iPhone 14 UA)╬ô├╢├╝╬ô├╢├╝╬ô├╢├╝╬ô├╢├╝╬ô├╢├╝╬ô├╢├╝╬ô├╢├╝╬ô├╢├╝╬ô├╢├╝╬ô├╢├╝╬ô├╢├╝╬ô├╢├╝╬ô├╢├╝╬ô├╢├╝╬ô├╢├╝╬ô├╢├╝╬ô├╢├╝╬ô├╢├╝╬ô├╢├╝╬ô├╢├╝╬ô├╢├╝╬ô├╢├╝╬ô├╢├╝╬ô├╢├╝╬ô├╢├╝╬ô├╢├╝╬ô├╢├╝╬ô├╢├╝╬ô├╢├╝╬ô├╢├╝╬ô├╢├╝╬ô├╢├╝╬ô├╢├╝╬ô├╢├╝╬ô├╢├╝╬ô├╢├╝╬ô├╢├╝╬ô├╢├╝╬ô├╢├╝╬ô├╢├╝╬ô├╢├╝╬ô├╢├╝╬ô├╢├╝╬ô├╢├╝╬ô├╢├╝╬ô├╢├╝╬ô├╢├╝╬ô├╢├╝╬ô├╢├╝  ╬ô┬ú├á Login rejects invalid credentials (iPhone)  ╬ô├Ñ├å  HTTP 400  ╬ô┬ú├á Login rejects missing email (Android Pixel UA)  ╬ô├Ñ├å  HTTP 400  ╬ô┬ú├á CORS header present on member_login  ╬ô├Ñ├å  ACAO: *╬ô├╢├╝╬ô├╢├╝╬ô├╢├╝╬ô├╢├╝╬ô├╢├╝╬ô├╢├╝╬ô├╢├╝╬ô├╢├╝╬ô├╢├╝╬ô├╢├╝╬ô├╢├╝╬ô├╢├╝╬ô├╢├╝╬ô├╢├╝╬ô├╢├╝╬ô├╢├╝╬ô├╢├╝╬ô├╢├╝╬ô├╢├╝╬ô├╢├╝╬ô├╢├╝╬ô├╢├╝╬ô├╢├╝╬ô├╢├╝╬ô├╢├╝╬ô├╢├╝╬ô├╢├╝╬ô├╢├╝╬ô├╢├╝╬ô├╢├╝╬ô├╢├╝╬ô├╢├╝╬ô├╢├╝╬ô├╢├╝╬ô├╢├╝╬ô├╢├╝╬ô├╢├╝╬ô├╢├╝╬ô├╢├╝╬ô├╢├╝╬ô├╢├╝╬ô├╢├╝╬ô├╢├╝╬ô├╢├╝╬ô├╢├╝╬ô├╢├╝╬ô├╢├╝╬ô├╢├╝╬ô├╢├╝3. MEMBER SIGNUP  (Android Pixel + Samsung UA)╬ô├╢├╝╬ô├╢├╝╬ô├╢├╝╬ô├╢├╝╬ô├╢├╝╬ô├╢├╝╬ô├╢├╝╬ô├╢├╝╬ô├╢├╝╬ô├╢├╝╬ô├╢├╝╬ô├╢├╝╬ô├╢├╝╬ô├╢├╝╬ô├╢├╝╬ô├╢├╝╬ô├╢├╝╬ô├╢├╝╬ô├╢├╝╬ô├╢├╝╬ô├╢├╝╬ô├╢├╝╬ô├╢├╝╬ô├╢├╝╬ô├╢├╝╬ô├╢├╝╬ô├╢├╝╬ô├╢├╝╬ô├╢├╝╬ô├╢├╝╬ô├╢├╝╬ô├╢├╝╬ô├╢├╝╬ô├╢├╝╬ô├╢├╝╬ô├╢├╝╬ô├╢├╝╬ô├╢├╝╬ô├╢├╝╬ô├╢├╝╬ô├╢├╝╬ô├╢├╝╬ô├╢├╝╬ô├╢├╝╬ô├╢├╝╬ô├╢├╝╬ô├╢├╝╬ô├╢├╝╬ô├╢├╝  ╬ô┬ú├á Signup rejects incomplete form (Android)  ╬ô├Ñ├å  HTTP 400  ╬ô┬ú├á Signup detects duplicate / returns 400  ╬ô├Ñ├å  HTTP 400  ╬ô┬ú├á Signup rejects empty body (Samsung Galaxy UA)  ╬ô├Ñ├å  HTTP 400╬ô├╢├╝╬ô├╢├╝╬ô├╢├╝╬ô├╢├╝╬ô├╢├╝╬ô├╢├╝╬ô├╢├╝╬ô├╢├╝╬ô├╢├╝╬ô├╢├╝╬ô├╢├╝╬ô├╢├╝╬ô├╢├╝╬ô├╢├╝╬ô├╢├╝╬ô├╢├╝╬ô├╢├╝╬ô├╢├╝╬ô├╢├╝╬ô├╢├╝╬ô├╢├╝╬ô├╢├╝╬ô├╢├╝╬ô├╢├╝╬ô├╢├╝╬ô├╢├╝╬ô├╢├╝╬ô├╢├╝╬ô├╢├╝╬ô├╢├╝╬ô├╢├╝╬ô├╢├╝╬ô├╢├╝╬ô├╢├╝╬ô├╢├╝╬ô├╢├╝╬ô├╢├╝╬ô├╢├╝╬ô├╢├╝╬ô├╢├╝╬ô├╢├╝╬ô├╢├╝╬ô├╢├╝╬ô├╢├╝╬ô├╢├╝╬ô├╢├╝╬ô├╢├╝╬ô├╢├╝╬ô├╢├╝4. SURVEY FORM HTML  (mobile rendering checks)╬ô├╢├╝╬ô├╢├╝╬ô├╢├╝╬ô├╢├╝╬ô├╢├╝╬ô├╢├╝╬ô├╢├╝╬ô├╢├╝╬ô├╢├╝╬ô├╢├╝╬ô├╢├╝╬ô├╢├╝╬ô├╢├╝╬ô├╢├╝╬ô├╢├╝╬ô├╢├╝╬ô├╢├╝╬ô├╢├╝╬ô├╢├╝╬ô├╢├╝╬ô├╢├╝╬ô├╢├╝╬ô├╢├╝╬ô├╢├╝╬ô├╢├╝╬ô├╢├╝╬ô├╢├╝╬ô├╢├╝╬ô├╢├╝╬ô├╢├╝╬ô├╢├╝╬ô├╢├╝╬ô├╢├╝╬ô├╢├╝╬ô├╢├╝╬ô├╢├╝╬ô├╢├╝╬ô├╢├╝╬ô├╢├╝╬ô├╢├╝╬ô├╢├╝╬ô├╢├╝╬ô├╢├╝╬ô├╢├╝╬ô├╢├╝╬ô├╢├╝╬ô├╢├╝╬ô├╢├╝╬ô├╢├╝  ╬ô┬ú├á Survey list loads from mobile  ╬ô├Ñ├å  14 survey(s)  ╬ô┬ú├á Survey form served as HTML (iPhone 14)  ╬ô┬ú├á Survey form: viewport meta tag present  ╬ô┬ú├á Survey form: initial-scale=1 set  ╬ô┬ú├á Survey form: touch-action CSS found  ╬ô┬ú├á Survey form has 44px+ tap targets (Apple HIG compliant)  ╬ô┬ú├á Survey form input font-size ╬ô├½├æ16px (prevents iOS auto-zoom on focus)  ╬ô┬ú├á Survey form uses native input types for mobile  ╬ô┬ú├á Survey form has autocomplete/inputmode attributes  ╬ô┬ú├á Survey form: same HTTP status for iPhone and Android╬ô├╢├╝╬ô├╢├╝╬ô├╢├╝╬ô├╢├╝╬ô├╢├╝╬ô├╢├╝╬ô├╢├╝╬ô├╢├╝╬ô├╢├╝╬ô├╢├╝╬ô├╢├╝╬ô├╢├╝╬ô├╢├╝╬ô├╢├╝╬ô├╢├╝╬ô├╢├╝╬ô├╢├╝╬ô├╢├╝╬ô├╢├╝╬ô├╢├╝╬ô├╢├╝╬ô├╢├╝╬ô├╢├╝╬ô├╢├╝╬ô├╢├╝╬ô├╢├╝╬ô├╢├╝╬ô├╢├╝╬ô├╢├╝╬ô├╢├╝╬ô├╢├╝╬ô├╢├╝╬ô├╢├╝╬ô├╢├╝╬ô├╢├╝╬ô├╢├╝╬ô├╢├╝╬ô├╢├╝╬ô├╢├╝╬ô├╢├╝╬ô├╢├╝╬ô├╢├╝╬ô├╢├╝╬ô├╢├╝╬ô├╢├╝╬ô├╢├╝╬ô├╢├╝╬ô├╢├╝╬ô├╢├╝5. SURVEY API  (create + agent + submit via mobile UA)╬ô├╢├╝╬ô├╢├╝╬ô├╢├╝╬ô├╢├╝╬ô├╢├╝╬ô├╢├╝╬ô├╢├╝╬ô├╢├╝╬ô├╢├╝╬ô├╢├╝╬ô├╢├╝╬ô├╢├╝╬ô├╢├╝╬ô├╢├╝╬ô├╢├╝╬ô├╢├╝╬ô├╢├╝╬ô├╢├╝╬ô├╢├╝╬ô├╢├╝╬ô├╢├╝╬ô├╢├╝╬ô├╢├╝╬ô├╢├╝╬ô├╢├╝╬ô├╢├╝╬ô├╢├╝╬ô├╢├╝╬ô├╢├╝╬ô├╢├╝╬ô├╢├╝╬ô├╢├╝╬ô├╢├╝╬ô├╢├╝╬ô├╢├╝╬ô├╢├╝╬ô├╢├╝╬ô├╢├╝╬ô├╢├╝╬ô├╢├╝╬ô├╢├╝╬ô├╢├╝╬ô├╢├╝╬ô├╢├╝╬ô├╢├╝╬ô├╢├╝╬ô├╢├╝╬ô├╢├╝╬ô├╢├╝  ╬ô┬ú├á Survey collections all ready (iPhone UA)  ╬ô├Ñ├å  ╬ô┬ú├á All survey collections ready.  ╬ô┬ú├á   Collection BanfSurveys: exists  ╬ô┬ú├á   Collection SurveyRecipients: exists  ╬ô┬ú├á   Collection SurveyResponses: exists  ╬ô┬ú├á   Collection SurveyAggregates: exists  ╬ô┬ú├á   Collection SurveyEscalations: exists  ╬ô┬ú├á Survey created via Android Pixel UA  ╬ô├Ñ├å  ID: 04ddc879-c911-4f03-8ceb-d0838e7f3a22  ╬ô┬ú├á Survey agent works from Samsung Galaxy UA  ╬ô├Ñ├å  5 questions generated  ╬ô┬ú├á   Q1 [rating_1_5]: Overall, how would you rate the Bosonto Utsob 2026 even╬ô├ç┬¬  ╬ô┬ú├á   Q2 [rating_1_10]: How would you rate the event organisation and logistics╬ô├ç┬¬  ╬ô┬ú├á   Q3 [yes_no]: Would you attend this event again next year?╬ô├ç┬¬  ╬ô┬ú├á Survey submit properly rejects invalid token (iPhone)  ╬ô├Ñ├å  HTTP 403╬ô├╢├╝╬ô├╢├╝╬ô├╢├╝╬ô├╢├╝╬ô├╢├╝╬ô├╢├╝╬ô├╢├╝╬ô├╢├╝╬ô├╢├╝╬ô├╢├╝╬ô├╢├╝╬ô├╢├╝╬ô├╢├╝╬ô├╢├╝╬ô├╢├╝╬ô├╢├╝╬ô├╢├╝╬ô├╢├╝╬ô├╢├╝╬ô├╢├╝╬ô├╢├╝╬ô├╢├╝╬ô├╢├╝╬ô├╢├╝╬ô├╢├╝╬ô├╢├╝╬ô├╢├╝╬ô├╢├╝╬ô├╢├╝╬ô├╢├╝╬ô├╢├╝╬ô├╢├╝╬ô├╢├╝╬ô├╢├╝╬ô├╢├╝╬ô├╢├╝╬ô├╢├╝╬ô├╢├╝╬ô├╢├╝╬ô├╢├╝╬ô├╢├╝╬ô├╢├╝╬ô├╢├╝╬ô├╢├╝╬ô├╢├╝╬ô├╢├╝╬ô├╢├╝╬ô├╢├╝╬ô├╢├╝6. EVITE / RSVP  (mobile RSVP flow)╬ô├╢├╝╬ô├╢├╝╬ô├╢├╝╬ô├╢├╝╬ô├╢├╝╬ô├╢├╝╬ô├╢├╝╬ô├╢├╝╬ô├╢├╝╬ô├╢├╝╬ô├╢├╝╬ô├╢├╝╬ô├╢├╝╬ô├╢├╝╬ô├╢├╝╬ô├╢├╝╬ô├╢├╝╬ô├╢├╝╬ô├╢├╝╬ô├╢├╝╬ô├╢├╝╬ô├╢├╝╬ô├╢├╝╬ô├╢├╝╬ô├╢├╝╬ô├╢├╝╬ô├╢├╝╬ô├╢├╝╬ô├╢├╝╬ô├╢├╝╬ô├╢├╝╬ô├╢├╝╬ô├╢├╝╬ô├╢├╝╬ô├╢├╝╬ô├╢├╝╬ô├╢├╝╬ô├╢├╝╬ô├╢├╝╬ô├╢├╝╬ô├╢├╝╬ô├╢├╝╬ô├╢├╝╬ô├╢├╝╬ô├╢├╝╬ô├╢├╝╬ô├╢├╝╬ô├╢├╝╬ô├╢├╝  ╬ô┬ú├á Evite events list accessible from iPhone  ╬ô├Ñ├å  2 event(s)  ╬ô┬ú├á Evite RSVPs load on Android Pixel  ╬ô├Ñ├å  25 RSVP(s) for event 170209e7-afbf-4712-b31c-873effb1d929  ╬ô┬ú├á evite_rsvp_override rejects empty body (iPhone)  ╬ô├Ñ├å  HTTP 400  ╬ô┬ú├á Evite attendance report endpoint exists (returns error without params)  ╬ô├Ñ├å  HTTP 400╬ô├╢├╝╬ô├╢├╝╬ô├╢├╝╬ô├╢├╝╬ô├╢├╝╬ô├╢├╝╬ô├╢├╝╬ô├╢├╝╬ô├╢├╝╬ô├╢├╝╬ô├╢├╝╬ô├╢├╝╬ô├╢├╝╬ô├╢├╝╬ô├╢├╝╬ô├╢├╝╬ô├╢├╝╬ô├╢├╝╬ô├╢├╝╬ô├╢├╝╬ô├╢├╝╬ô├╢├╝╬ô├╢├╝╬ô├╢├╝╬ô├╢├╝╬ô├╢├╝╬ô├╢├╝╬ô├╢├╝╬ô├╢├╝╬ô├╢├╝╬ô├╢├╝╬ô├╢├╝╬ô├╢├╝╬ô├╢├╝╬ô├╢├╝╬ô├╢├╝╬ô├╢├╝╬ô├╢├╝╬ô├╢├╝╬ô├╢├╝╬ô├╢├╝╬ô├╢├╝╬ô├╢├╝╬ô├╢├╝╬ô├╢├╝╬ô├╢├╝╬ô├╢├╝╬ô├╢├╝╬ô├╢├╝7. SITE PAGES  (viewport + responsive HTML)╬ô├╢├╝╬ô├╢├╝╬ô├╢├╝╬ô├╢├╝╬ô├╢├╝╬ô├╢├╝╬ô├╢├╝╬ô├╢├╝╬ô├╢├╝╬ô├╢├╝╬ô├╢├╝╬ô├╢├╝╬ô├╢├╝╬ô├╢├╝╬ô├╢├╝╬ô├╢├╝╬ô├╢├╝╬ô├╢├╝╬ô├╢├╝╬ô├╢├╝╬ô├╢├╝╬ô├╢├╝╬ô├╢├╝╬ô├╢├╝╬ô├╢├╝╬ô├╢├╝╬ô├╢├╝╬ô├╢├╝╬ô├╢├╝╬ô├╢├╝╬ô├╢├╝╬ô├╢├╝╬ô├╢├╝╬ô├╢├╝╬ô├╢├╝╬ô├╢├╝╬ô├╢├╝╬ô├╢├╝╬ô├╢├╝╬ô├╢├╝╬ô├╢├╝╬ô├╢├╝╬ô├╢├╝╬ô├╢├╝╬ô├╢├╝╬ô├╢├╝╬ô├╢├╝╬ô├╢├╝╬ô├╢├╝  ╬ô┬ú├á Home page redirects  ╬ô├Ñ├å  ╬ô├Ñ├å https://banfwix.wixsite.com/banf1  ╬ô┬ú├á Member login: Wix SPA route (expected 404 from server-side fetch; test visually via browser)  ╬ô├Ñ├å  HTTP 404 ╬ô├ç├╢ OK  ╬ô┬ú├á Member signup: Wix SPA route (expected 404 from server-side fetch; test visually via browser)  ╬ô├Ñ├å  HTTP 404 ╬ô├ç├╢ OK╬ô├╢├╝╬ô├╢├╝╬ô├╢├╝╬ô├╢├╝╬ô├╢├╝╬ô├╢├╝╬ô├╢├╝╬ô├╢├╝╬ô├╢├╝╬ô├╢├╝╬ô├╢├╝╬ô├╢├╝╬ô├╢├╝╬ô├╢├╝╬ô├╢├╝╬ô├╢├╝╬ô├╢├╝╬ô├╢├╝╬ô├╢├╝╬ô├╢├╝╬ô├╢├╝╬ô├╢├╝╬ô├╢├╝╬ô├╢├╝╬ô├╢├╝╬ô├╢├╝╬ô├╢├╝╬ô├╢├╝╬ô├╢├╝╬ô├╢├╝╬ô├╢├╝╬ô├╢├╝╬ô├╢├╝╬ô├╢├╝╬ô├╢├╝╬ô├╢├╝╬ô├╢├╝╬ô├╢├╝╬ô├╢├╝╬ô├╢├╝╬ô├╢├╝╬ô├╢├╝╬ô├╢├╝╬ô├╢├╝╬ô├╢├╝╬ô├╢├╝╬ô├╢├╝╬ô├╢├╝╬ô├╢├╝8. CORS & OPTIONS PREFLIGHT  (mobile browser AJAX)╬ô├╢├╝╬ô├╢├╝╬ô├╢├╝╬ô├╢├╝╬ô├╢├╝╬ô├╢├╝╬ô├╢├╝╬ô├╢├╝╬ô├╢├╝╬ô├╢├╝╬ô├╢├╝╬ô├╢├╝╬ô├╢├╝╬ô├╢├╝╬ô├╢├╝╬ô├╢├╝╬ô├╢├╝╬ô├╢├╝╬ô├╢├╝╬ô├╢├╝╬ô├╢├╝╬ô├╢├╝╬ô├╢├╝╬ô├╢├╝╬ô├╢├╝╬ô├╢├╝╬ô├╢├╝╬ô├╢├╝╬ô├╢├╝╬ô├╢├╝╬ô├╢├╝╬ô├╢├╝╬ô├╢├╝╬ô├╢├╝╬ô├╢├╝╬ô├╢├╝╬ô├╢├╝╬ô├╢├╝╬ô├╢├╝╬ô├╢├╝╬ô├╢├╝╬ô├╢├╝╬ô├╢├╝╬ô├╢├╝╬ô├╢├╝╬ô├╢├╝╬ô├╢├╝╬ô├╢├╝╬ô├╢├╝  ╬ô┬ú├á CORS preflight /survey_create  ╬ô├Ñ├å  ACAO: *  ╬ô┬ú├á CORS preflight /survey_submit  ╬ô├Ñ├å  ACAO: *  ╬ô┬ú├á CORS preflight /survey_setup  ╬ô├Ñ├å  ACAO: *  ╬ô┬ú├á CORS preflight /member_login  ╬ô├Ñ├å  ACAO: *  ╬ô┬ú├á CORS preflight /member_signup  ╬ô├Ñ├å  ACAO: *╬ô├╢├╝╬ô├╢├╝╬ô├╢├╝╬ô├╢├╝╬ô├╢├╝╬ô├╢├╝╬ô├╢├╝╬ô├╢├╝╬ô├╢├╝╬ô├╢├╝╬ô├╢├╝╬ô├╢├╝╬ô├╢├╝╬ô├╢├╝╬ô├╢├╝╬ô├╢├╝╬ô├╢├╝╬ô├╢├╝╬ô├╢├╝╬ô├╢├╝╬ô├╢├╝╬ô├╢├╝╬ô├╢├╝╬ô├╢├╝╬ô├╢├╝╬ô├╢├╝╬ô├╢├╝╬ô├╢├╝╬ô├╢├╝╬ô├╢├╝╬ô├╢├╝╬ô├╢├╝╬ô├╢├╝╬ô├╢├╝╬ô├╢├╝╬ô├╢├╝╬ô├╢├╝╬ô├╢├╝╬ô├╢├╝╬ô├╢├╝╬ô├╢├╝╬ô├╢├╝╬ô├╢├╝╬ô├╢├╝╬ô├╢├╝╬ô├╢├╝╬ô├╢├╝╬ô├╢├╝╬ô├╢├╝9. RESPONSE TIMES  (tap latency ╬ô├ç├╢ target <2s)╬ô├╢├╝╬ô├╢├╝╬ô├╢├╝╬ô├╢├╝╬ô├╢├╝╬ô├╢├╝╬ô├╢├╝╬ô├╢├╝╬ô├╢├╝╬ô├╢├╝╬ô├╢├╝╬ô├╢├╝╬ô├╢├╝╬ô├╢├╝╬ô├╢├╝╬ô├╢├╝╬ô├╢├╝╬ô├╢├╝╬ô├╢├╝╬ô├╢├╝╬ô├╢├╝╬ô├╢├╝╬ô├╢├╝╬ô├╢├╝╬ô├╢├╝╬ô├╢├╝╬ô├╢├╝╬ô├╢├╝╬ô├╢├╝╬ô├╢├╝╬ô├╢├╝╬ô├╢├╝╬ô├╢├╝╬ô├╢├╝╬ô├╢├╝╬ô├╢├╝╬ô├╢├╝╬ô├╢├╝╬ô├╢├╝╬ô├╢├╝╬ô├╢├╝╬ô├╢├╝╬ô├╢├╝╬ô├╢├╝╬ô├╢├╝╬ô├╢├╝╬ô├╢├╝╬ô├╢├╝╬ô├╢├╝  ╬ô┬ú├á Survey list (first load)  ╬ô├Ñ├å  401ms ╬ô├ç├╢ excellent  ╬ô┬ú├á Survey test members  ╬ô├Ñ├å  268ms ╬ô├ç├╢ excellent  ╬ô┬ú├á Survey setup (probe)  ╬ô├Ñ├å  1463ms ╬ô├ç├╢ acceptable╬ô├▓├╢╬ô├▓├ë╬ô├▓├ë╬ô├▓├ë╬ô├▓├ë╬ô├▓├ë╬ô├▓├ë╬ô├▓├ë╬ô├▓├ë╬ô├▓├ë╬ô├▓├ë╬ô├▓├ë╬ô├▓├ë╬ô├▓├ë╬ô├▓├ë╬ô├▓├ë╬ô├▓├ë╬ô├▓├ë╬ô├▓├ë╬ô├▓├ë╬ô├▓├ë╬ô├▓├ë╬ô├▓├ë╬ô├▓├ë╬ô├▓├ë╬ô├▓├ë╬ô├▓├ë╬ô├▓├ë╬ô├▓├ë╬ô├▓├ë╬ô├▓├ë╬ô├▓├ë╬ô├▓├ë╬ô├▓├ë╬ô├▓├ë╬ô├▓├ë╬ô├▓├ë╬ô├▓├ë╬ô├▓├ë╬ô├▓├ë╬ô├▓├ë╬ô├▓├ë╬ô├▓├ë╬ô├▓├ë╬ô├▓├ë╬ô├▓├ë╬ô├▓├ë╬ô├▓├ë╬ô├▓├ë╬ô├▓├ë╬ô├▓├ë╬ô├▓├ë╬ô├▓├╣╬ô├▓├ª                    SUMMARY                        ╬ô├▓├ª╬ô├▓├£╬ô├▓├ë╬ô├▓├ë╬ô├▓├ë╬ô├▓├ë╬ô├▓├ë╬ô├▓├ë╬ô├▓├ë╬ô├▓├ë╬ô├▓├ë╬ô├▓├ë╬ô├▓├ë╬ô├▓├ë╬ô├▓├ë╬ô├▓├ë╬ô├▓├ë╬ô├▓├ë╬ô├▓├ë╬ô├▓├ë╬ô├▓├ë╬ô├▓├ë╬ô├▓├ë╬ô├▓├ë╬ô├▓├ë╬ô├▓├ë╬ô├▓├ë╬ô├▓├ë╬ô├▓├ë╬ô├▓├ë╬ô├▓├ë╬ô├▓├ë╬ô├▓├ë╬ô├▓├ë╬ô├▓├ë╬ô├▓├ë╬ô├▓├ë╬ô├▓├ë╬ô├▓├ë╬ô├▓├ë╬ô├▓├ë╬ô├▓├ë╬ô├▓├ë╬ô├▓├ë╬ô├▓├ë╬ô├▓├ë╬ô├▓├ë╬ô├▓├ë╬ô├▓├ë╬ô├▓├ë╬ô├▓├ë╬ô├▓├ë╬ô├▓├ë╬ô├▓┬Ñ  ╬ô┬ú├á Passed : 44  ╬ô├£├íΓê⌐Γòò├à  Warned : 0  ╬ô┬Ñ├« Failed : 0  Total   : 44╬ô├╢├╝╬ô├╢├╝╬ô├╢├╝╬ô├╢├╝╬ô├╢├╝╬ô├╢├╝╬ô├╢├╝╬ô├╢├╝╬ô├╢├╝╬ô├╢├╝╬ô├╢├╝╬ô├╢├╝╬ô├╢├╝╬ô├╢├╝╬ô├╢├╝╬ô├╢├╝╬ô├╢├╝╬ô├╢├╝╬ô├╢├╝╬ô├╢├╝╬ô├╢├╝╬ô├╢├╝╬ô├╢├╝╬ô├╢├╝╬ô├╢├╝╬ô├╢├╝╬ô├╢├╝╬ô├╢├╝╬ô├╢├╝╬ô├╢├╝╬ô├╢├╝╬ô├╢├╝╬ô├╢├╝╬ô├╢├╝╬ô├╢├╝╬ô├╢├╝╬ô├╢├╝╬ô├╢├╝╬ô├╢├╝╬ô├╢├╝╬ô├╢├╝╬ô├╢├╝╬ô├╢├╝╬ô├╢├╝╬ô├╢├╝╬ô├╢├╝╬ô├╢├╝╬ô├╢├╝╬ô├╢├╝  VISUAL MOBILE TESTING OPTIONS:╬ô├╢├╝╬ô├╢├╝╬ô├╢├╝╬ô├╢├╝╬ô├╢├╝╬ô├╢├╝╬ô├╢├╝╬ô├╢├╝╬ô├╢├╝╬ô├╢├╝╬ô├╢├╝╬ô├╢├╝╬ô├╢├╝╬ô├╢├╝╬ô├╢├╝╬ô├╢├╝╬ô├╢├╝╬ô├╢├╝╬ô├╢├╝╬ô├╢├╝╬ô├╢├╝╬ô├╢├╝╬ô├╢├╝╬ô├╢├╝╬ô├╢├╝╬ô├╢├╝╬ô├╢├╝╬ô├╢├╝╬ô├╢├╝╬ô├╢├╝╬ô├╢├╝╬ô├╢├╝╬ô├╢├╝╬ô├╢├╝╬ô├╢├╝╬ô├╢├╝╬ô├╢├╝╬ô├╢├╝╬ô├╢├╝╬ô├╢├╝╬ô├╢├╝╬ô├╢├╝╬ô├╢├╝╬ô├╢├╝╬ô├╢├╝╬ô├╢├╝╬ô├╢├╝╬ô├╢├╝╬ô├╢├╝  A) Wix Local Editor (built-in mobile preview toggle):       cd c:\projects\banf\banf1-wix       $env:PATH="C:\Program Files\nodejs;$env:PATH"       node_modules\.bin\wix.cmd dev       ╬ô├Ñ├å Opens editor ╬ô├Ñ├å click Γëí╞Æ├┤ΓûÆ icon top toolbar  B) Chrome DevTools emulation (any device):       1. Open https://banfwix.wixsite.com/banf1 in Chrome       2. F12 ╬ô├Ñ├å Toggle Device Toolbar (Ctrl+Shift+M)       3. Select: iPhone 14 / Pixel 7 / Galaxy S20 Ultra  C) Real device via shareable preview:       node_modules\.bin\wix.cmd preview       ╬ô├Ñ├å Copy URL ╬ô├Ñ├å open on actual phone╬ô├╢├╝╬ô├╢├╝╬ô├╢├╝╬ô├╢├╝╬ô├╢├╝╬ô├╢├╝╬ô├╢├╝╬ô├╢├╝╬ô├╢├╝╬ô├╢├╝╬ô├╢├╝╬ô├╢├╝╬ô├╢├╝╬ô├╢├╝╬ô├╢├╝╬ô├╢├╝╬ô├╢├╝╬ô├╢├╝╬ô├╢├╝╬ô├╢├╝╬ô├╢├╝╬ô├╢├╝╬ô├╢├╝╬ô├╢├╝╬ô├╢├╝╬ô├╢├╝╬ô├╢├╝╬ô├╢├╝╬ô├╢├╝╬ô├╢├╝╬ô├╢├╝╬ô├╢├╝╬ô├╢├╝╬ô├╢├╝╬ô├╢├╝╬ô├╢├╝╬ô├╢├╝╬ô├╢├╝╬ô├╢├╝╬ô├╢├╝╬ô├╢├╝╬ô├╢├╝╬ô├╢├╝╬ô├╢├╝╬ô├╢├╝╬ô├╢├╝╬ô├╢├╝╬ô├╢├╝╬ô├╢├╝